2025-10-06 06:21:24,647 - Knowledge - INFO - Redis support added with prefix knowledge:b8063oc:
2025-10-06 06:21:24,904 - Knowledge - INFO - load persisted knowledge: begin
2025-10-06 06:21:25,010 - Knowledge - INFO - load persisted knowledge: end
2025-10-06 06:21:25,094 - Knowledge - INFO - load persisted docinfo: begin
2025-10-06 06:21:25,201 - Knowledge - INFO - load persisted docinfo: end
2025-10-06 06:21:25,288 - Knowledge - INFO - worker kw1 created with dedicated MongoDB connection (total: 1)
2025-10-06 06:21:25,385 - Knowledge - INFO - knowledge worker kw1 start
2025-10-06 06:21:25,496 - Knowledge - INFO - worker kw1 pull /app/data/kaviademo4200/4381/b8063oc/ImportedProjects_5000_files_codebase_Documentation_of_Code-4381/README.md from ingest queue
2025-10-06 06:21:25,597 - Knowledge - INFO - process ingested knowledge for /app/data/kaviademo4200/4381/b8063oc/ImportedProjects_5000_files_codebase_Documentation_of_Code-4381/README.md
2025-10-06 06:21:25,677 - Knowledge - INFO - Found code-base-name: https://github.com/kavia-common/ImportedProjects_5000_files_codebase_Documentation_of_Code-4381.git:kavia-main
2025-10-06 06:21:25,760 - Knowledge - INFO - Found code_base: <app.utils.kg_build.knowledge.KnowledgeCodeBase object at 0x7f2754f3a390>
2025-10-06 06:21:25,879 - Knowledge - INFO - persist ingested knowledge for /app/data/kaviademo4200/4381/b8063oc/ImportedProjects_5000_files_codebase_Documentation_of_Code-4381/README.md
2025-10-06 06:21:26,008 - Knowledge - INFO - adding /app/data/kaviademo4200/4381/b8063oc/ImportedProjects_5000_files_codebase_Documentation_of_Code-4381/README.md to ingest queue
2025-10-06 06:21:26,099 - Knowledge - INFO - worker kw1 pull /app/data/kaviademo4200/4381/b8063oc/ImportedProjects_5000_files_codebase_Documentation_of_Code-4381/README.md from ingest queue
2025-10-06 06:21:26,208 - Knowledge - INFO - Thread kw1 - File README.md - Remaining files in queue: 0
2025-10-06 06:21:26,308 - Knowledge - INFO - start ingest for /app/data/kaviademo4200/4381/b8063oc/ImportedProjects_5000_files_codebase_Documentation_of_Code-4381/README.md
2025-10-06 06:21:26,405 - Knowledge - INFO - Fast-track processing for simple file: /app/data/kaviademo4200/4381/b8063oc/ImportedProjects_5000_files_codebase_Documentation_of_Code-4381/README.md
2025-10-06 06:21:26,486 - Knowledge - INFO - done fast ingest for /app/data/kaviademo4200/4381/b8063oc/ImportedProjects_5000_files_codebase_Documentation_of_Code-4381/README.md
2025-10-06 06:21:26,565 - Knowledge - INFO - process ingested knowledge for /app/data/kaviademo4200/4381/b8063oc/ImportedProjects_5000_files_codebase_Documentation_of_Code-4381/README.md
2025-10-06 06:21:26,652 - Knowledge - INFO - Found code-base-name: https://github.com/kavia-common/ImportedProjects_5000_files_codebase_Documentation_of_Code-4381.git:kavia-main
2025-10-06 06:21:26,744 - Knowledge - INFO - Found code_base: <app.utils.kg_build.knowledge.KnowledgeCodeBase object at 0x7f2754f3a390>
2025-10-06 06:21:26,832 - Knowledge - INFO - persist ingested knowledge for /app/data/kaviademo4200/4381/b8063oc/ImportedProjects_5000_files_codebase_Documentation_of_Code-4381/README.md
2025-10-06 06:21:27,000 - Knowledge - INFO - Knowledge creation complete
2025-10-06 06:21:27,077 - Knowledge - INFO - Updating org costs, total cost: 0
2025-10-06 06:21:27,409 - Knowledge - INFO - Saving knowledge to Redis...
2025-10-06 06:21:27,491 - Knowledge - INFO - Knowledge saved to Redis successfully
